[
    ArgTypeMismatch {
        func: "print_num",
        pos: 0,
        expected: Primitive(
            IntType,
        ),
        got: Primitive(
            LongType,
        ),
    },
    TypeMismatch {
        expected: Primitive(
            CharType,
        ),
        got: Primitive(
            LongType,
        ),
    },
    ArgTypeMismatch {
        func: "syscall",
        pos: 2,
        expected: Primitive(
            LongType,
        ),
        got: Pointer(
            Primitive(
                CharType,
            ),
        ),
    },fdfd
    ReturnTypeMismatch {
        expected: Primitive(
            IntType,
        ),
        got: Primitive(
            LongType,
        ),
    },
    ReturnTypeMismatch {
        expected: Primitive(
            IntType,
        ),
        got: Primitive(
            LongType,
        ),
    },
]